[     343ms] [ERROR] The Content Security Policy directive 'frame-ancestors' is ignored when delivered via a <meta> element. @ http://localhost:5173/:23
[     540ms] [INFO] %cDownload the React DevTools for a better development experience: https://reactjs.org/link/react-devtools font-weight:bold @ http://localhost:5173/node_modules/.vite/deps/chunk-XQLYTHWV.js?v=f303f721:21550
[     596ms] [WARNING] ⚠️ React Router Future Flag Warning: React Router will begin wrapping state updates in `React.startTransition` in v7. You can use the `v7_startTransition` future flag to opt-in early. For more information, see https://reactrouter.com/v6/upgrading/future#v7_starttransition. @ http://localhost:5173/node_modules/.vite/deps/react-router-dom.js?v=f303f721:4426
[     596ms] [WARNING] ⚠️ React Router Future Flag Warning: Relative route resolution within Splat routes is changing in v7. You can use the `v7_relativeSplatPath` future flag to opt-in early. For more information, see https://reactrouter.com/v6/upgrading/future#v7_relativesplatpath. @ http://localhost:5173/node_modules/.vite/deps/react-router-dom.js?v=f303f721:4426
[     949ms] [ERROR] Warning: React does not recognize the `%s` prop on a DOM element. If you intentionally want it to appear in the DOM as a custom attribute, spell it as lowercase `%s` instead. If you accidentally passed it from a parent component, remove it from the DOM element.%s fetchPriority fetchpriority 
    at img
    at section
    at div
    at PublicLayout (http://localhost:5173/src/app/routes/PublicRoutes.tsx:1036:25)
    at PublicHomeRoute (http://localhost:5173/src/app/routes/PublicRoutes.tsx:180:32)
    at RenderedRoute (http://localhost:5173/node_modules/.vite/deps/react-router-dom.js?v=f303f721:4122:5)
    at Routes (http://localhost:5173/node_modules/.vite/deps/react-router-dom.js?v=f303f721:4592:5)
    at Suspense
    at App
    at AuthProvider (http://localhost:5173/src/features/auth/AuthProvider.tsx:24:32)
    at ErrorBoundary (http://localhost:5173/src/components/ui/ErrorBoundary.tsx:9:5)
    at Router (http://localhost:5173/node_modules/.vite/deps/react-router-dom.js?v=f303f721:4535:15)
    at BrowserRouter (http://localhost:5173/node_modules/.vite/deps/react-router-dom.js?v=f303f721:5273:5)
    at SmoothScroll (http://localhost:5173/src/components/animations/SmoothScroll.tsx:19:32)
    at QueryClientProvider (http://localhost:5173/node_modules/.vite/deps/@tanstack_react-query.js?v=f303f721:3235:3) @ http://localhost:5173/node_modules/.vite/deps/chunk-XQLYTHWV.js?v=f303f721:520
