[     430ms] [ERROR] The Content Security Policy directive 'frame-ancestors' is ignored when delivered via a <meta> element. @ https://student.projectodysseus.live/dashboard/student/assignments:16
[     432ms] [ERROR] Executing inline script violates the following Content Security Policy directive 'script-src 'self''. Either the 'unsafe-inline' keyword, a hash ('sha256-W/YEPVTaGE/DQeoirh1nkrUnAU1TVCY/R3BK2ocMFN4='), or a nonce ('nonce-...') is required to enable inline execution. The action has been blocked. @ https://student.projectodysseus.live/dashboard/student/assignments:26
[     989ms] [ERROR] Error: Minified React error #321; visit https://reactjs.org/docs/error-decoder.html?invariant=321 for the full message or use the non-minified dev environment for full errors and additional helpful warnings.
    at Object.nt (https://student.projectodysseus.live/react-app-dist/react-app.js:2942:9)
    at X.useContext (https://student.projectodysseus.live/react-app-dist/react-app.js:231:21)
    at yl (https://student.projectodysseus.live/react-app-dist/react-app.js:38195:15)
    at D (https://student.projectodysseus.live/react-app-dist/chunks/LoginRoute-CxLQA21b.js:3:13)
    at Rm (https://student.projectodysseus.live/react-app-dist/react-app.js?v=po-v-1785840294068:2950:149)
    at ff (https://student.projectodysseus.live/react-app-dist/react-app.js?v=po-v-1785840294068:3442:38)
    at xx (https://student.projectodysseus.live/react-app-dist/react-app.js?v=po-v-1785840294068:5234:17)
    at bx (https://student.projectodysseus.live/react-app-dist/react-app.js?v=po-v-1785840294068:4993:11)
    at iA (https://student.projectodysseus.live/react-app-dist/react-app.js?v=po-v-1785840294068:4987:25)
    at ec (https://student.projectodysseus.live/react-app-dist/react-app.js?v=po-v-1785840294068:4977:7) @ https://student.projectodysseus.live/react-app-dist/react-app.js?v=po-v-1785840294068:3344
[     990ms] [ERROR] [Project Odysseus] App render error Error: Minified React error #321; visit https://reactjs.org/docs/error-decoder.html?invariant=321 for the full message or use the non-minified dev environment for full errors and additional helpful warnings.
    at Object.nt (https://student.projectodysseus.live/react-app-dist/react-app.js:2942:9)
    at X.useContext (https://student.projectodysseus.live/react-app-dist/react-app.js:231:21)
    at yl (https://student.projectodysseus.live/react-app-dist/react-app.js:38195:15)
    at D (https://student.projectodysseus.live/react-app-dist/chunks/LoginRoute-CxLQA21b.js:3:13)
    at Rm (https://student.projectodysseus.live/react-app-dist/react-app.js?v=po-v-1785840294068:2950:149)
    at ff (https://student.projectodysseus.live/react-app-dist/react-app.js?v=po-v-1785840294068:3442:38)
    at xx (https://student.projectodysseus.live/react-app-dist/react-app.js?v=po-v-1785840294068:5234:17)
    at bx (https://student.projectodysseus.live/react-app-dist/react-app.js?v=po-v-1785840294068:4993:11)
    at iA (https://student.projectodysseus.live/react-app-dist/react-app.js?v=po-v-1785840294068:4987:25)
    at ec (https://student.projectodysseus.live/react-app-dist/react-app.js?v=po-v-1785840294068:4977:7) {componentStack: 
    at D (https://student.projectodysseus.live/re…p-dist/react-app.js?v=po-v-1785840294068:7639:11)} @ https://student.projectodysseus.live/react-app-dist/react-app.js?v=po-v-1785840294068:41152
[     991ms] [ERROR] NotFoundError: Failed to execute 'removeChild' on 'Node': The node to be removed is not a child of this node.
    at px (https://student.projectodysseus.live/react-app-dist/react-app.js?v=po-v-1785840294068:4186:145)
    at mr (https://student.projectodysseus.live/react-app-dist/react-app.js?v=po-v-1785840294068:4174:35)
    at px (https://student.projectodysseus.live/react-app-dist/react-app.js?v=po-v-1785840294068:4205:7)
    at mr (https://student.projectodysseus.live/react-app-dist/react-app.js?v=po-v-1785840294068:4174:35)
    at px (https://student.projectodysseus.live/react-app-dist/react-app.js?v=po-v-1785840294068:4205:7)
    at mr (https://student.projectodysseus.live/react-app-dist/react-app.js?v=po-v-1785840294068:4174:35)
    at px (https://student.projectodysseus.live/react-app-dist/react-app.js?v=po-v-1785840294068:4222:7)
    at mr (https://student.projectodysseus.live/react-app-dist/react-app.js?v=po-v-1785840294068:4174:35)
    at px (https://student.projectodysseus.live/react-app-dist/react-app.js?v=po-v-1785840294068:4205:7)
    at tn (https://student.projectodysseus.live/react-app-dist/react-app.js?v=po-v-1785840294068:4257:7) @ https://student.projectodysseus.live/react-app-dist/react-app.js?v=po-v-1785840294068:3344
[     991ms] [ERROR] [Project Odysseus] App render error NotFoundError: Failed to execute 'removeChild' on 'Node': The node to be removed is not a child of this node.
    at px (https://student.projectodysseus.live/react-app-dist/react-app.js?v=po-v-1785840294068:4186:145)
    at mr (https://student.projectodysseus.live/react-app-dist/react-app.js?v=po-v-1785840294068:4174:35)
    at px (https://student.projectodysseus.live/react-app-dist/react-app.js?v=po-v-1785840294068:4205:7)
    at mr (https://student.projectodysseus.live/react-app-dist/react-app.js?v=po-v-1785840294068:4174:35)
    at px (https://student.projectodysseus.live/react-app-dist/react-app.js?v=po-v-1785840294068:4205:7)
    at mr (https://student.projectodysseus.live/react-app-dist/react-app.js?v=po-v-1785840294068:4174:35)
    at px (https://student.projectodysseus.live/react-app-dist/react-app.js?v=po-v-1785840294068:4222:7)
    at mr (https://student.projectodysseus.live/react-app-dist/react-app.js?v=po-v-1785840294068:4174:35)
    at px (https://student.projectodysseus.live/react-app-dist/react-app.js?v=po-v-1785840294068:4205:7)
    at tn (https://student.projectodysseus.live/react-app-dist/react-app.js?v=po-v-1785840294068:4257:7) {componentStack: 
    at zB (https://student.projectodysseus.live/r…p-dist/react-app.js?v=po-v-1785840294068:7639:11)} @ https://student.projectodysseus.live/react-app-dist/react-app.js?v=po-v-1785840294068:41152
