[     448ms] [ERROR] The Content Security Policy directive 'frame-ancestors' is ignored when delivered via a <meta> element. @ https://admin.projectodysseus.live/dashboard/admin:16
[     449ms] [ERROR] Executing inline script violates the following Content Security Policy directive 'script-src 'self''. Either the 'unsafe-inline' keyword, a hash ('sha256-xsIWK6orAdfMuL43wsl/eobq2UEtFlQymT3oRTGWvqs='), or a nonce ('nonce-...') is required to enable inline execution. The action has been blocked. @ https://admin.projectodysseus.live/dashboard/admin:26
[    1612ms] [ERROR] Error: Minified React error #321; visit https://reactjs.org/docs/error-decoder.html?invariant=321 for the full message or use the non-minified dev environment for full errors and additional helpful warnings.
    at Object.nt (https://admin.projectodysseus.live/react-app-dist/react-app.js:2942:9)
    at Y.useContext (https://admin.projectodysseus.live/react-app-dist/react-app.js:231:21)
    at yl (https://admin.projectodysseus.live/react-app-dist/react-app.js:38196:15)
    at D (https://admin.projectodysseus.live/react-app-dist/chunks/LoginRoute-CxLQA21b.js:3:13)
    at Rm (https://admin.projectodysseus.live/react-app-dist/react-app.js?v=po-v-1785840294068:2950:149)
    at ff (https://admin.projectodysseus.live/react-app-dist/react-app.js?v=po-v-1785840294068:3442:38)
    at xx (https://admin.projectodysseus.live/react-app-dist/react-app.js?v=po-v-1785840294068:5234:17)
    at bx (https://admin.projectodysseus.live/react-app-dist/react-app.js?v=po-v-1785840294068:4993:11)
    at iA (https://admin.projectodysseus.live/react-app-dist/react-app.js?v=po-v-1785840294068:4987:25)
    at ec (https://admin.projectodysseus.live/react-app-dist/react-app.js?v=po-v-1785840294068:4977:7) @ https://admin.projectodysseus.live/react-app-dist/react-app.js?v=po-v-1785840294068:3344
[    1613ms] [ERROR] [Project Odysseus] App render error Error: Minified React error #321; visit https://reactjs.org/docs/error-decoder.html?invariant=321 for the full message or use the non-minified dev environment for full errors and additional helpful warnings.
    at Object.nt (https://admin.projectodysseus.live/react-app-dist/react-app.js:2942:9)
    at Y.useContext (https://admin.projectodysseus.live/react-app-dist/react-app.js:231:21)
    at yl (https://admin.projectodysseus.live/react-app-dist/react-app.js:38196:15)
    at D (https://admin.projectodysseus.live/react-app-dist/chunks/LoginRoute-CxLQA21b.js:3:13)
    at Rm (https://admin.projectodysseus.live/react-app-dist/react-app.js?v=po-v-1785840294068:2950:149)
    at ff (https://admin.projectodysseus.live/react-app-dist/react-app.js?v=po-v-1785840294068:3442:38)
    at xx (https://admin.projectodysseus.live/react-app-dist/react-app.js?v=po-v-1785840294068:5234:17)
    at bx (https://admin.projectodysseus.live/react-app-dist/react-app.js?v=po-v-1785840294068:4993:11)
    at iA (https://admin.projectodysseus.live/react-app-dist/react-app.js?v=po-v-1785840294068:4987:25)
    at ec (https://admin.projectodysseus.live/react-app-dist/react-app.js?v=po-v-1785840294068:4977:7) {componentStack: 
    at D (https://admin.projectodysseus.live/reac…p-dist/react-app.js?v=po-v-1785840294068:7639:11)} @ https://admin.projectodysseus.live/react-app-dist/react-app.js?v=po-v-1785840294068:41152
[    1613ms] [ERROR] NotFoundError: Failed to execute 'removeChild' on 'Node': The node to be removed is not a child of this node.
    at px (https://admin.projectodysseus.live/react-app-dist/react-app.js?v=po-v-1785840294068:4186:145)
    at mr (https://admin.projectodysseus.live/react-app-dist/react-app.js?v=po-v-1785840294068:4174:35)
    at px (https://admin.projectodysseus.live/react-app-dist/react-app.js?v=po-v-1785840294068:4205:7)
    at mr (https://admin.projectodysseus.live/react-app-dist/react-app.js?v=po-v-1785840294068:4174:35)
    at px (https://admin.projectodysseus.live/react-app-dist/react-app.js?v=po-v-1785840294068:4205:7)
    at mr (https://admin.projectodysseus.live/react-app-dist/react-app.js?v=po-v-1785840294068:4174:35)
    at px (https://admin.projectodysseus.live/react-app-dist/react-app.js?v=po-v-1785840294068:4222:7)
    at mr (https://admin.projectodysseus.live/react-app-dist/react-app.js?v=po-v-1785840294068:4174:35)
    at px (https://admin.projectodysseus.live/react-app-dist/react-app.js?v=po-v-1785840294068:4205:7)
    at tn (https://admin.projectodysseus.live/react-app-dist/react-app.js?v=po-v-1785840294068:4257:7) @ https://admin.projectodysseus.live/react-app-dist/react-app.js?v=po-v-1785840294068:3344
[    1613ms] [ERROR] [Project Odysseus] App render error NotFoundError: Failed to execute 'removeChild' on 'Node': The node to be removed is not a child of this node.
    at px (https://admin.projectodysseus.live/react-app-dist/react-app.js?v=po-v-1785840294068:4186:145)
    at mr (https://admin.projectodysseus.live/react-app-dist/react-app.js?v=po-v-1785840294068:4174:35)
    at px (https://admin.projectodysseus.live/react-app-dist/react-app.js?v=po-v-1785840294068:4205:7)
    at mr (https://admin.projectodysseus.live/react-app-dist/react-app.js?v=po-v-1785840294068:4174:35)
    at px (https://admin.projectodysseus.live/react-app-dist/react-app.js?v=po-v-1785840294068:4205:7)
    at mr (https://admin.projectodysseus.live/react-app-dist/react-app.js?v=po-v-1785840294068:4174:35)
    at px (https://admin.projectodysseus.live/react-app-dist/react-app.js?v=po-v-1785840294068:4222:7)
    at mr (https://admin.projectodysseus.live/react-app-dist/react-app.js?v=po-v-1785840294068:4174:35)
    at px (https://admin.projectodysseus.live/react-app-dist/react-app.js?v=po-v-1785840294068:4205:7)
    at tn (https://admin.projectodysseus.live/react-app-dist/react-app.js?v=po-v-1785840294068:4257:7) {componentStack: 
    at zB (https://admin.projectodysseus.live/rea…p-dist/react-app.js?v=po-v-1785840294068:7639:11)} @ https://admin.projectodysseus.live/react-app-dist/react-app.js?v=po-v-1785840294068:41152
